******************************************************************************
                  TI ARM Linker PC v5.0.4                      
******************************************************************************
>> Linked Sun Dec 14 13:23:00 2014

OUTPUT FILE NAME:   <qspi-flash-writer-reloaded.out>
ENTRY POINT SYMBOL: "_c_int00"  address: 80517040


MEMORY CONFIGURATION

         name            origin    length      used     unused   attr    fill
----------------------  --------  ---------  --------  --------  ----  --------
  GPMC_NOR              08000000   00001000  00000000  00001000  RWIX
  IRAM_MEM              40300000   0001c000  00000000  0001c000  RWIX
  MMU_TLB               4031c000   00004000  00000000  00004000  RWIX
  DDR3_A8               80500000   00100000  00021df8  000de208  RWIX
  DDR_SDFBUFF           82000000   01000000  00800000  00800000  RWIX
  DDR3_DSP              8b000000   02000000  00000000  02000000  RWIX
  DDR3_M3VPSS           8d000000   01000000  00000000  01000000  RWIX
  DDR3_M3VIDEO          8e000000   01000000  00000000  01000000  RWIX
  DDR3_SR0              8f000000   01000000  00000000  01000000  RWIX


SEGMENT ALLOCATION MAP

run origin  load origin   length   init length attrs members
----------  ----------- ---------- ----------- ----- -------
80500000    80500000    000101cc   00000000    rw-
  80500000    80500000    000101cc   00000000    rw- .bss
805101cc    805101cc    00009038   00009038    r-x
  805101cc    805101cc    00009038   00009038    r-x .text
80519204    80519204    00004000   00000000    rw-
  80519204    80519204    00004000   00000000    rw- .stack
8051d208    8051d208    00004000   00000000    rw-
  8051d208    8051d208    00004000   00000000    rw- .sysmem
80521208    80521208    0000093c   0000093c    r--
  80521208    80521208    0000093c   0000093c    r-- .const
80521b44    80521b44    00000200   00000200    rw-
  80521b44    80521b44    00000200   00000200    rw- .data
80521d48    80521d48    000000b8   000000b8    r--
  80521d48    80521d48    000000b8   000000b8    r-- .cinit
82000000    82000000    00800000   00000000    rw-
  82000000    82000000    00800000   00000000    rw- sdfbuff


SECTION ALLOCATION MAP

 output                                  attributes/
section   page    origin      length       input sections
--------  ----  ----------  ----------   ----------------
.bss       0    80500000    000101cc     UNINITIALIZED
                  80500000    00010000     main.obj (.bss:buffer)
                  80510000    00000120     rtsv7A8_A_le_eabi.lib : trgmsg.obj (.bss:__CIOBUF_)
                  80510120    000000a0                           : defs.obj (.bss:_tmpnams)
                  805101c0    00000008                           : trgdrv.obj (.bss)
                  805101c8    00000004     starterware_hal.aa15fg : edma.oa15fg (.bss.regionId)

.text      0    805101cc    00009038     
                  805101cc    0000166c     rtsv7A8_A_le_eabi.lib : _printfi.obj (.text)
                  80511838    00000e1c     qspiflash_driver.obj (.text)
                  80512654    0000092c     platform_tda2xx.obj (.text)
                  80512f80    00000670     platform_tda2xx_pad_config.obj (.text)
                  805135f0    00000620     rtsv7A8_A_le_eabi.lib : memory.obj (.text)
                  80513c10    000005d4                           : lowlev.obj (.text)
                  805141e4    00000524     main.obj (.text)
                  80514708    000004d8     rtsv7A8_A_le_eabi.lib : trgdrv.obj (.text)
                  80514be0    00000488     qspi.obj (.text)
                  80515068    0000031c     DiskToRAMSpeedup.obj (.text)
                  80515384    000002d8     rtsv7A8_A_le_eabi.lib : fopen.obj (.text)
                  8051565c    000002b8                           : ull_div32.obj (.text)
                  80515914    00000214                           : fd_add32.obj (.text)
                  80515b28    000001c8                           : fputs.obj (.text)
                  80515cf0    00000190                           : fd_div32.obj (.text)
                  80515e80    00000180                           : memcpy32.obj (.text)
                  80516000    00000148                           : setvbuf.obj (.text)
                  80516148    00000128                           : fd_mul32.obj (.text)
                  80516270    00000118                           : _io_perm.obj (.text)
                  80516388    00000118                           : fflush.obj (.text)
                  805164a0    00000118                           : i_div32.obj (.text)
                  805165b8    00000104                           : fputc.obj (.text)
                  805166bc    000000f4                           : u_div32.obj (.text)
                  805167b0    000000d4                           : auto_init.obj (.text)
                  80516884    000000d4                           : fclose.obj (.text)
                  80516958    000000d0                           : fd_cmp32.obj (.text)
                  80516a28    000000b0                           : memset32.obj (.text)
                  80516ad8    000000a8                           : fseek.obj (.text)
                  80516b80    000000a8                           : trgmsg.obj (.text)
                  80516c28    000000a4                           : printf.obj (.text)
                  80516ccc    00000098                           : copy_decompress_rle.obj (.text)
                  80516d64    00000084                           : atoi.obj (.text)
                  80516de8    00000084                           : xdtest.obj (.text)
                  80516e6c    00000080                           : cpy_tbl.obj (.text)
                  80516eec    00000080                           : ltoa.obj (.text)
                  80516f6c    00000078                           : exit.obj (.text)
                  80516fe4    0000005c                           : fd_toi32.obj (.text)
                  80517040    00000048                           : boot.obj (.text)
                  80517088    00000048                           : strncpy.obj (.text)
                  805170d0    0000003c                           : i_tofd32.obj (.text)
                  8051710c    00000034                           : memcmp.obj (.text)
                  80517140    0000002c                           : memccpy.obj (.text)
                  8051716c    0000002c                           : memchr.obj (.text)
                  80517198    00000028                           : strchr.obj (.text)
                  805171c0    00000028                           : strcmp.obj (.text)
                  805171e8    00000024                           : _lock.obj (.text)
                  8051720c    00000020                           : copy_zero_init.obj (.text:decompress:ZI)
                  8051722c    00000020                           : args_main.obj (.text)
                  8051724c    00000020                           : icall32.obj (.text)
                  8051726c    0000001c                           : strlen.obj (.text)
                  80517288    00000018                           : strcpy.obj (.text)
                  805172a0    00000014                           : copy_decompress_none.obj (.text:decompress:none)
                  805172b4    00000014                           : xdclass.obj (.text)
                  805172c8    00000008                           : copy_decompress_rle.obj (.text:decompress:rle24)
                  805172d0    00000284     starterware_hal.aa15fg : edma.oa15fg (.text.EDMA3Init)
                  80517554    00000204                            : edma.oa15fg (.text.EDMA3ClearErrorBits)
                  80517758    000001bc                            : edma.oa15fg (.text.EDMA3Deinit)
                  80517914    00000194                            : edma.oa15fg (.text.EDMA3DisableChInShadowReg)
                  80517aa8    0000018c                            : edma.oa15fg (.text.EDMA3EnableChInShadowReg)
                  80517c34    0000018c                            : edma.oa15fg (.text.EDMA3RequestChannel)
                  80517dc0    0000013c                            : edma.oa15fg (.text.EDMA3MapChToEvtQ)
                  80517efc    000000f4                            : edma.oa15fg (.text.EDMA3UnmapChToEvtQ)
                  80517ff0    000000ec                            : edma.oa15fg (.text.EDMA3DisableTransfer)
                  805180dc    000000ec                            : edma.oa15fg (.text.EDMA3EnableTransfer)
                  805181c8    000000e4                            : edma.oa15fg (.text.EDMA3ClrMissEvt)
                  805182ac    000000d0                            : edma.oa15fg (.text.EDMA3FreeChannel)
                  8051837c    000000c8                            : edma.oa15fg (.text.EDMA3LinkChannel)
                  80518444    000000b0                            : edma.oa15fg (.text.EDMA3ChainChannel)
                  805184f4    000000a8                            : edma.oa15fg (.text.EDMA3GetPaRAM)
                  8051859c    000000a4                            : edma.oa15fg (.text.EDMA3ClrEvt)
                  80518640    000000a4                            : edma.oa15fg (.text.EDMA3ClrIntr)
                  805186e4    000000a4                            : edma.oa15fg (.text.EDMA3DisableEvtIntr)
                  80518788    000000a4                            : edma.oa15fg (.text.EDMA3EnableDmaEvt)
                  8051882c    000000a4                            : edma.oa15fg (.text.EDMA3EnableEvtIntr)
                  805188d0    000000a4                            : edma.oa15fg (.text.EDMA3SetEvt)
                  80518974    000000a0                            : edma.oa15fg (.text.EDMA3DisableDmaEvt)
                  80518a14    000000a0                            : edma.oa15fg (.text.EDMA3QdmaGetPaRAM)
                  80518ab4    000000a0                            : edma.oa15fg (.text.EDMA3QdmaSetPaRAM)
                  80518b54    000000a0                            : edma.oa15fg (.text.EDMA3SetPaRAM)
                  80518bf4    00000094                            : edma.oa15fg (.text.EDMA3MapQdmaChToPaRAM)
                  80518c88    00000088                            : edma.oa15fg (.text.EDMA3SetQdmaTrigWord)
                  80518d10    00000078                            : edma.oa15fg (.text.EDMA3QdmaClrMissEvt)
                  80518d88    00000078                            : edma.oa15fg (.text.EDMA3QdmaGetPaRAMEntry)
                  80518e00    0000006c                            : edma.oa15fg (.text.EDMA3QdmaSetPaRAMEntry)
                  80518e6c    00000058                            : edma.oa15fg (.text.EDMA3DisableQdmaEvt)
                  80518ec4    00000058                            : edma.oa15fg (.text.EDMA3EnableQdmaEvt)
                  80518f1c    00000058                            : edma.oa15fg (.text.EDMA3GetIntrStatus)
                  80518f74    00000058                            : edma.oa15fg (.text.EDMA3IntrStatusHighGet)
                  80518fcc    0000004c                            : edma.oa15fg (.text.EDMA3ChannelToParamMap)
                  80519018    00000040                            : edma.oa15fg (.text.EDMA3ErrIntrHighStatusGet)
                  80519058    00000040                            : edma.oa15fg (.text.EDMA3GetCCErrStatus)
                  80519098    00000040                            : edma.oa15fg (.text.EDMA3GetErrIntrStatus)
                  805190d8    00000040                            : edma.oa15fg (.text.EDMA3QdmaGetErrIntrStatus)
                  80519118    00000034                            : edma.oa15fg (.text.EDMA3ClrCCErr)
                  8051914c    00000030                            : edma.oa15fg (.text.HW_RD_REG32_RAW)
                  8051917c    00000030                            : edma.oa15fg (.text.HW_WR_REG32_RAW)
                  805191ac    0000002c                            : edma.oa15fg (.text.EDMA3PeripheralIdGet)
                  805191d8    0000002c                            : edma.oa15fg (.text.EDMAsetRegion)

.stack     0    80519204    00004000     UNINITIALIZED
                  80519204    00004000     --HOLE--

.sysmem    0    8051d208    00004000     UNINITIALIZED
                  8051d208    00000008     rtsv7A8_A_le_eabi.lib : memory.obj (.sysmem)
                  8051d210    00003ff8     --HOLE--

.const     0    80521208    0000093c     
                  80521208    00000258     platform_tda2xx_pad_config.obj (.const:$P$T0$1)
                  80521460    00000150     platform_tda2xx_pad_config.obj (.const:$P$T5$6)
                  805215b0    00000150     platform_tda2xx_pad_config.obj (.const:$P$T6$7)
                  80521700    00000150     platform_tda2xx_pad_config.obj (.const:$P$T7$8)
                  80521850    00000101     rtsv7A8_A_le_eabi.lib : ctype.obj (.const:.string:_ctypes_)
                  80521951    00000003     --HOLE-- [fill = 0]
                  80521954    00000090     platform_tda2xx_pad_config.obj (.const:$P$T8$9)
                  805219e4    0000006c     platform_tda2xx_pad_config.obj (.const:$P$T1$2)
                  80521a50    00000054     platform_tda2xx_pad_config.obj (.const:$P$T9$10)
                  80521aa4    00000048     platform_tda2xx_pad_config.obj (.const:$P$T3$4)
                  80521aec    0000003c     platform_tda2xx_pad_config.obj (.const)
                  80521b28    0000001c     qspiflash_driver.obj (.const)

.data      0    80521b44    00000200     
                  80521b44    000000f0     rtsv7A8_A_le_eabi.lib : defs.obj (.data:_ftable)
                  80521c34    000000cc                           : lowlev.obj (.data)
                  80521d00    00000010     DiskToRAMSpeedup.obj (.data)
                  80521d10    00000010     rtsv7A8_A_le_eabi.lib : defs.obj (.data)
                  80521d20    0000000c                           : memory.obj (.data)
                  80521d2c    00000008                           : _lock.obj (.data)
                  80521d34    00000008                           : exit.obj (.data)
                  80521d3c    00000004                           : fopen.obj (.data)
                  80521d40    00000004                           : stkdepth_vars.obj (.data)

.cinit     0    80521d48    000000b8     
                  80521d48    0000007f     (.cinit..data.load) [load image, compression = rle]
                  80521dc7    00000001     --HOLE-- [fill = 0]
                  80521dc8    0000000c     (__TI_handler_table)
                  80521dd4    00000004     --HOLE-- [fill = 0]
                  80521dd8    00000008     (.cinit..bss.load) [load image, compression = zero_init]
                  80521de0    00000008     (.cinit.sdfbuff.load) [load image, compression = zero_init]
                  80521de8    00000018     (__TI_cinit_table)

sdfbuff    0    82000000    00800000     UNINITIALIZED
                  82000000    00800000     DiskToRAMSpeedup.obj (sdfbuff)


LINKER GENERATED COPY TABLES

__TI_cinit_table @ 80521de8 records: 3, size/record: 8, table size: 24
	.data: load addr=80521d48, load size=0000007f bytes, run addr=80521b44, run size=00000200 bytes, compression=rle
	.bss: load addr=80521dd8, load size=00000008 bytes, run addr=80500000, run size=000101cc bytes, compression=zero_init
	sdfbuff: load addr=80521de0, load size=00000008 bytes, run addr=82000000, run size=00800000 bytes, compression=zero_init


LINKER GENERATED HANDLER TABLE

__TI_handler_table @ 80521dc8 records: 3, size/record: 4, table size: 12
	index: 0, handler: __TI_zero_init
	index: 1, handler: __TI_decompress_rle24
	index: 2, handler: __TI_decompress_none


GLOBAL SYMBOLS: SORTED ALPHABETICALLY BY Name 

address    name
--------   ----
80516f6c   C$$EXIT
80516bc8   C$$IO$$
80518444   EDMA3ChainChannel
80518fcc   EDMA3ChannelToParamMap
80517554   EDMA3ClearErrorBits
80519118   EDMA3ClrCCErr
8051859c   EDMA3ClrEvt
80518640   EDMA3ClrIntr
805181c8   EDMA3ClrMissEvt
80517758   EDMA3Deinit
80517914   EDMA3DisableChInShadowReg
80518974   EDMA3DisableDmaEvt
805186e4   EDMA3DisableEvtIntr
80518e6c   EDMA3DisableQdmaEvt
80517ff0   EDMA3DisableTransfer
80517aa8   EDMA3EnableChInShadowReg
80518788   EDMA3EnableDmaEvt
8051882c   EDMA3EnableEvtIntr
80518ec4   EDMA3EnableQdmaEvt
805180dc   EDMA3EnableTransfer
80519018   EDMA3ErrIntrHighStatusGet
805182ac   EDMA3FreeChannel
80519058   EDMA3GetCCErrStatus
80519098   EDMA3GetErrIntrStatus
80518f1c   EDMA3GetIntrStatus
805184f4   EDMA3GetPaRAM
805172d0   EDMA3Init
80518f74   EDMA3IntrStatusHighGet
8051837c   EDMA3LinkChannel
80517dc0   EDMA3MapChToEvtQ
80518bf4   EDMA3MapQdmaChToPaRAM
805191ac   EDMA3PeripheralIdGet
80518d10   EDMA3QdmaClrMissEvt
805190d8   EDMA3QdmaGetErrIntrStatus
80518a14   EDMA3QdmaGetPaRAM
80518d88   EDMA3QdmaGetPaRAMEntry
80518ab4   EDMA3QdmaSetPaRAM
80518e00   EDMA3QdmaSetPaRAMEntry
80517c34   EDMA3RequestChannel
805188d0   EDMA3SetEvt
80518b54   EDMA3SetPaRAM
80518c88   EDMA3SetQdmaTrigWord
80517efc   EDMA3UnmapChToEvtQ
805141e4   EDMAVersionGet
805191d8   EDMAsetRegion
80512b14   GPIO_clock_enable
80512af4   GPMC_clock_enable
80512db8   GPMC_config
80512b70   GPMC_pin_Ctrl
805126ac   HAL_CTRL_ConfigurePadsQspi
80512698   HAL_CTRL_Control_IO_DSS
80512658   HAL_CTRL_UnlockMMR
80514b70   HOSTclock
80514b08   HOSTclose
80514aa0   HOSTgetenv
805149fc   HOSTlseek
80514970   HOSTopen
805148ec   HOSTread
80514854   HOSTrename
805147f0   HOSTtime
8051478c   HOSTunlink
80514708   HOSTwrite
805132f4   I2C2_Pin_Mux
8051724c   IND_CALL
80512a30   MCASP3_pad_mux_config
80512a64   MCASP3_prcm_enable
80512a84   MCSPI1_pad_mux_config
80512ac4   MCSPI1_prcm_enable
805134a4   MMCSD1_Pin_Mux
805141ec   OSD_v_ReverseEndianness
80514c20   QSPISetClockControl
80514f20   QSPISetMAddrSpace
80514ed0   QSPISetMemoryMapSetup
80514d74   QSPIWaitIdle
80512568   QSPI_FlashBlockErase
80512490   QSPI_FlashBlockEraseNonBlocking
805125f4   QSPI_FlashFullErase
80512588   QSPI_FlashFullEraseNonBlocking
8051216c   QSPI_FlashStatus
805119dc   QSPI_GetDeviceId
80511838   QSPI_Initialize
80512478   QSPI_QuadEnable
805122a8   QSPI_QuadEnableNonBlocking
80511e2c   QSPI_ReadCfgMode
80511b08   QSPI_ReadSectors
80511b64   QSPI_ReadSectors_edma
8051213c   QSPI_WriteCfgMode
80511fb4   QSPI_WriteCfgModeNonBlocking
8051223c   QSPI_WriteEnable
80511dec   QSPI_WriteSectors
80511da0   QSPI_WriteSectorsNonBlocking
8051260c   QSPI_seek
80514be0   QSPIconfigIdleMode
80514d28   QSPIgetCommandReg
80514cec   QSPIgetDeviceControl
80514fd8   QSPIgetEnabledIntStatus
80514efc   QSPIgetMemoryMapSetup
80514d40   QSPIgetStatus
80514d58   QSPIgetStatusWordCount
80515008   QSPIintClear
80514fac   QSPIintDisable
80514f80   QSPIintEnable
80515028   QSPIintRawStatus
80515040   QSPIintRawStatusClear
80514ff0   QSPIintStatus
80514e28   QSPIreadData
80514d04   QSPIsetCommandReg
80514cc8   QSPIsetDeviceControl
80514d90   QSPIwriteData
UNDEFED    SHT$$INIT_ARRAY$$Base
UNDEFED    SHT$$INIT_ARRAY$$Limit
80521d08   SPIWRITER_bFinished
80521d00   SPIWRITER_uFileSize
82000000   SPIWRITER_uSdfBufferWr
80521d04   SPIWRITER_uSdfOffset
8051507c   SPIWRITER_v_FinishedFunc
80515068   SPIWRITER_v_PreFlashHook
80512a14   UART_PAD_CONFIG
80512654   UART_pad_mux_config
80513384   Uart1_Pin_Mux
80513414   Uart3_Pin_Mux
805172b4   _Dclass
80516de8   _Dtest
80510000   __CIOBUF_
8051d204   __STACK_END
00004000   __STACK_SIZE
00004000   __SYSMEM_SIZE
80521de8   __TI_CINIT_Base
80521e00   __TI_CINIT_Limit
80521dc8   __TI_Handler_Table_Base
80521dd4   __TI_Handler_Table_Limit
00000001   __TI_args_main
805167b0   __TI_auto_init
805172a0   __TI_decompress_none
805172c8   __TI_decompress_rle24
80521d48   __TI_static_base__
8051720c   __TI_zero_init
80516958   __aeabi_cdcmpeq
80516958   __aeabi_cdcmple
80516fe4   __aeabi_d2iz
80515920   __aeabi_dadd
80515cf0   __aeabi_ddiv
80516148   __aeabi_dmul
80515914   __aeabi_dsub
805170d0   __aeabi_i2d
805164a0   __aeabi_idivmod
80516a28   __aeabi_memclr
80516a28   __aeabi_memclr4
80516a28   __aeabi_memclr8
80515e80   __aeabi_memcpy
80515e80   __aeabi_memcpy4
80515e80   __aeabi_memcpy8
80516a2c   __aeabi_memset
80516a2c   __aeabi_memset4
80516a2c   __aeabi_memset8
80521d1c   __aeabi_stderr
80521d14   __aeabi_stdin
80521d18   __aeabi_stdout
805166bc   __aeabi_uidivmod
8051565c   __aeabi_uldivmod
ffffffff   __binit__
ffffffff   __c_args__
80519204   __stack
8051722c   _args_main
80517040   _c_int00
805154c4   _cleanup
80521d34   _cleanup_ptr
80516884   _closefile
80521850   _ctypes_
80516388   _doflush
80521d38   _dtors_ptr
80521d10   _ft_end
80521b44   _ftable
80521d2c   _lock
80517200   _nop
80511334   _printfi
80516310   _rd_ok
805171f4   _register_lock
805171e8   _register_unlock
8051d208   _sys_memory
80510120   _tmpnams
80521d30   _unlock
80516270   _wrt_ok
80516f74   abort
805140e8   add_device
80516d64   atoi
ffffffff   binit
805101cc   bss_end
80500000   bss_start
80513bac   calloc
80514058   close
8051312c   cntrl_core_gpmc_pad_config
80513158   cntrl_core_gpmc_pad_config_addr_lines
805131e4   cntrl_core_i2c2_pad_config
80513270   cntrl_core_lcd_pad_config
805131b8   cntrl_core_mmc1_pad_config
80512f80   cntrl_core_pad_configuration
805132c8   cntrl_core_qspi_pad_config
8051329c   cntrl_core_rgmii_pad_config
80513184   cntrl_core_uart1_pad_config
80513218   cntrl_core_vin1_pad_config
80513244   cntrl_core_vin2_pad_config
805130cc   configure_pad
80516e6c   copy_in
8051508c   determineImageSize
80516f80   exit
80516918   fclose
8051640c   fflush
8051555c   fopen
805165b8   fputc
80515b28   fputs
8051379c   free
80515510   freopen
80516ad8   fseek
8051519c   loadDiskToRAM
80513fe0   lseek
80516eec   ltoa
805142a4   main
80521d40   main_func_sp
805136e8   malloc
80511a18   mem1cpy
80513a74   memalign
80517140   memccpy
8051716c   memchr
8051710c   memcmp
80515e80   memcpy
80516a38   memset
805135f0   minit
80513f04   open
80521aec   pad_config_default
80516c30   printf
805166a4   putc
805166a8   putchar
80515cb8   puts
80514324   qspiwriter
80513e3c   read
80516bd0   readmsg
805138f0   realloc
805101c8   regionId
80513d40   remove
80513df0   remove_device
80513d84   rename
80516000   setvbuf
80517198   strchr
805171c0   strcmp
80517288   strcpy
8051726c   strlen
80517088   strncpy
80513d40   unlink
80512b34   wait
80513c10   write
80516b80   writemsg


GLOBAL SYMBOLS: SORTED BY Symbol Address 

address    name
--------   ----
00000001   __TI_args_main
00004000   __STACK_SIZE
00004000   __SYSMEM_SIZE
80500000   bss_start
80510000   __CIOBUF_
80510120   _tmpnams
805101c8   regionId
805101cc   bss_end
80511334   _printfi
80511838   QSPI_Initialize
805119dc   QSPI_GetDeviceId
80511a18   mem1cpy
80511b08   QSPI_ReadSectors
80511b64   QSPI_ReadSectors_edma
80511da0   QSPI_WriteSectorsNonBlocking
80511dec   QSPI_WriteSectors
80511e2c   QSPI_ReadCfgMode
80511fb4   QSPI_WriteCfgModeNonBlocking
8051213c   QSPI_WriteCfgMode
8051216c   QSPI_FlashStatus
8051223c   QSPI_WriteEnable
805122a8   QSPI_QuadEnableNonBlocking
80512478   QSPI_QuadEnable
80512490   QSPI_FlashBlockEraseNonBlocking
80512568   QSPI_FlashBlockErase
80512588   QSPI_FlashFullEraseNonBlocking
805125f4   QSPI_FlashFullErase
8051260c   QSPI_seek
80512654   UART_pad_mux_config
80512658   HAL_CTRL_UnlockMMR
80512698   HAL_CTRL_Control_IO_DSS
805126ac   HAL_CTRL_ConfigurePadsQspi
80512a14   UART_PAD_CONFIG
80512a30   MCASP3_pad_mux_config
80512a64   MCASP3_prcm_enable
80512a84   MCSPI1_pad_mux_config
80512ac4   MCSPI1_prcm_enable
80512af4   GPMC_clock_enable
80512b14   GPIO_clock_enable
80512b34   wait
80512b70   GPMC_pin_Ctrl
80512db8   GPMC_config
80512f80   cntrl_core_pad_configuration
805130cc   configure_pad
8051312c   cntrl_core_gpmc_pad_config
80513158   cntrl_core_gpmc_pad_config_addr_lines
80513184   cntrl_core_uart1_pad_config
805131b8   cntrl_core_mmc1_pad_config
805131e4   cntrl_core_i2c2_pad_config
80513218   cntrl_core_vin1_pad_config
80513244   cntrl_core_vin2_pad_config
80513270   cntrl_core_lcd_pad_config
8051329c   cntrl_core_rgmii_pad_config
805132c8   cntrl_core_qspi_pad_config
805132f4   I2C2_Pin_Mux
80513384   Uart1_Pin_Mux
80513414   Uart3_Pin_Mux
805134a4   MMCSD1_Pin_Mux
805135f0   minit
805136e8   malloc
8051379c   free
805138f0   realloc
80513a74   memalign
80513bac   calloc
80513c10   write
80513d40   remove
80513d40   unlink
80513d84   rename
80513df0   remove_device
80513e3c   read
80513f04   open
80513fe0   lseek
80514058   close
805140e8   add_device
805141e4   EDMAVersionGet
805141ec   OSD_v_ReverseEndianness
805142a4   main
80514324   qspiwriter
80514708   HOSTwrite
8051478c   HOSTunlink
805147f0   HOSTtime
80514854   HOSTrename
805148ec   HOSTread
80514970   HOSTopen
805149fc   HOSTlseek
80514aa0   HOSTgetenv
80514b08   HOSTclose
80514b70   HOSTclock
80514be0   QSPIconfigIdleMode
80514c20   QSPISetClockControl
80514cc8   QSPIsetDeviceControl
80514cec   QSPIgetDeviceControl
80514d04   QSPIsetCommandReg
80514d28   QSPIgetCommandReg
80514d40   QSPIgetStatus
80514d58   QSPIgetStatusWordCount
80514d74   QSPIWaitIdle
80514d90   QSPIwriteData
80514e28   QSPIreadData
80514ed0   QSPISetMemoryMapSetup
80514efc   QSPIgetMemoryMapSetup
80514f20   QSPISetMAddrSpace
80514f80   QSPIintEnable
80514fac   QSPIintDisable
80514fd8   QSPIgetEnabledIntStatus
80514ff0   QSPIintStatus
80515008   QSPIintClear
80515028   QSPIintRawStatus
80515040   QSPIintRawStatusClear
80515068   SPIWRITER_v_PreFlashHook
8051507c   SPIWRITER_v_FinishedFunc
8051508c   determineImageSize
8051519c   loadDiskToRAM
805154c4   _cleanup
80515510   freopen
8051555c   fopen
8051565c   __aeabi_uldivmod
80515914   __aeabi_dsub
80515920   __aeabi_dadd
80515b28   fputs
80515cb8   puts
80515cf0   __aeabi_ddiv
80515e80   __aeabi_memcpy
80515e80   __aeabi_memcpy4
80515e80   __aeabi_memcpy8
80515e80   memcpy
80516000   setvbuf
80516148   __aeabi_dmul
80516270   _wrt_ok
80516310   _rd_ok
80516388   _doflush
8051640c   fflush
805164a0   __aeabi_idivmod
805165b8   fputc
805166a4   putc
805166a8   putchar
805166bc   __aeabi_uidivmod
805167b0   __TI_auto_init
80516884   _closefile
80516918   fclose
80516958   __aeabi_cdcmpeq
80516958   __aeabi_cdcmple
80516a28   __aeabi_memclr
80516a28   __aeabi_memclr4
80516a28   __aeabi_memclr8
80516a2c   __aeabi_memset
80516a2c   __aeabi_memset4
80516a2c   __aeabi_memset8
80516a38   memset
80516ad8   fseek
80516b80   writemsg
80516bc8   C$$IO$$
80516bd0   readmsg
80516c30   printf
80516d64   atoi
80516de8   _Dtest
80516e6c   copy_in
80516eec   ltoa
80516f6c   C$$EXIT
80516f74   abort
80516f80   exit
80516fe4   __aeabi_d2iz
80517040   _c_int00
80517088   strncpy
805170d0   __aeabi_i2d
8051710c   memcmp
80517140   memccpy
8051716c   memchr
80517198   strchr
805171c0   strcmp
805171e8   _register_unlock
805171f4   _register_lock
80517200   _nop
8051720c   __TI_zero_init
8051722c   _args_main
8051724c   IND_CALL
8051726c   strlen
80517288   strcpy
805172a0   __TI_decompress_none
805172b4   _Dclass
805172c8   __TI_decompress_rle24
805172d0   EDMA3Init
80517554   EDMA3ClearErrorBits
80517758   EDMA3Deinit
80517914   EDMA3DisableChInShadowReg
80517aa8   EDMA3EnableChInShadowReg
80517c34   EDMA3RequestChannel
80517dc0   EDMA3MapChToEvtQ
80517efc   EDMA3UnmapChToEvtQ
80517ff0   EDMA3DisableTransfer
805180dc   EDMA3EnableTransfer
805181c8   EDMA3ClrMissEvt
805182ac   EDMA3FreeChannel
8051837c   EDMA3LinkChannel
80518444   EDMA3ChainChannel
805184f4   EDMA3GetPaRAM
8051859c   EDMA3ClrEvt
80518640   EDMA3ClrIntr
805186e4   EDMA3DisableEvtIntr
80518788   EDMA3EnableDmaEvt
8051882c   EDMA3EnableEvtIntr
805188d0   EDMA3SetEvt
80518974   EDMA3DisableDmaEvt
80518a14   EDMA3QdmaGetPaRAM
80518ab4   EDMA3QdmaSetPaRAM
80518b54   EDMA3SetPaRAM
80518bf4   EDMA3MapQdmaChToPaRAM
80518c88   EDMA3SetQdmaTrigWord
80518d10   EDMA3QdmaClrMissEvt
80518d88   EDMA3QdmaGetPaRAMEntry
80518e00   EDMA3QdmaSetPaRAMEntry
80518e6c   EDMA3DisableQdmaEvt
80518ec4   EDMA3EnableQdmaEvt
80518f1c   EDMA3GetIntrStatus
80518f74   EDMA3IntrStatusHighGet
80518fcc   EDMA3ChannelToParamMap
80519018   EDMA3ErrIntrHighStatusGet
80519058   EDMA3GetCCErrStatus
80519098   EDMA3GetErrIntrStatus
805190d8   EDMA3QdmaGetErrIntrStatus
80519118   EDMA3ClrCCErr
805191ac   EDMA3PeripheralIdGet
805191d8   EDMAsetRegion
80519204   __stack
8051d204   __STACK_END
8051d208   _sys_memory
80521850   _ctypes_
80521aec   pad_config_default
80521b44   _ftable
80521d00   SPIWRITER_uFileSize
80521d04   SPIWRITER_uSdfOffset
80521d08   SPIWRITER_bFinished
80521d10   _ft_end
80521d14   __aeabi_stdin
80521d18   __aeabi_stdout
80521d1c   __aeabi_stderr
80521d2c   _lock
80521d30   _unlock
80521d34   _cleanup_ptr
80521d38   _dtors_ptr
80521d40   main_func_sp
80521d48   __TI_static_base__
80521dc8   __TI_Handler_Table_Base
80521dd4   __TI_Handler_Table_Limit
80521de8   __TI_CINIT_Base
80521e00   __TI_CINIT_Limit
82000000   SPIWRITER_uSdfBufferWr
ffffffff   __binit__
ffffffff   __c_args__
ffffffff   binit
UNDEFED    SHT$$INIT_ARRAY$$Base
UNDEFED    SHT$$INIT_ARRAY$$Limit

[252 symbols]
