******************************************************************************
                  TMS470 Linker PC v4.9.6                      
******************************************************************************
>> Linked Wed Jan 20 14:59:51 2016

OUTPUT FILE NAME:   <flash-writer_vme.out>
ENTRY POINT SYMBOL: "_c_int00"  address: 80d1644c


MEMORY CONFIGURATION

         name            origin    length      used     unused   attr    fill
----------------------  --------  ---------  --------  --------  ----  --------
  L3OCM0                40300000   0003ffff  00000000  0003ffff  RWIX
  L3OCM1                40400000   0003ffff  00000000  0003ffff  RWIX
  DDR                   80d00000   00200000  00016ed5  001e912b  RWIX
  DDR_SDFBUFF           80f00000   01000000  01000000  00000000  RWIX


SEGMENT ALLOCATION MAP

run origin  load origin   length   init length attrs members
----------  ----------- ---------- ----------- ----- -------
80d00000    80d00000    00010000   00000000    rw-
  80d00000    80d00000    00008000   00000000    rw- .stack
  80d08000    80d08000    00008000   00000000    rw- .sysmem
80d10000    80d10000    000066ac   000066ac    r-x
  80d10000    80d10000    000066ac   000066ac    r-x .text
80d166b0    80d166b0    0000053c   000002a1    rw-
  80d166b0    80d166b0    000002a1   000002a1    rw- .data
  80d16954    80d16954    00000298   00000000    rw- .bss
80d16bec    80d16bec    000002f4   000002f4    r--
  80d16bec    80d16bec    000001f8   000001f8    r-- .const
  80d16de8    80d16de8    000000f8   000000f8    r-- .cinit
80f00000    80f00000    01000000   00000000    rw-
  80f00000    80f00000    01000000   00000000    rw- sdfbuff


SECTION ALLOCATION MAP

 output                                  attributes/
section   page    origin      length       input sections
--------  ----  ----------  ----------   ----------------
.stack     0    80d00000    00008000     UNINITIALIZED
                  80d00000    00008000     --HOLE--

.sysmem    0    80d08000    00008000     UNINITIALIZED
                  80d08000    00000008     rtsv7A8_A_le_eabi.lib : memory.obj (.sysmem)
                  80d08008    00007ff8     --HOLE--

.text      0    80d10000    000066ac     
                  80d10000    00001724     rtsv7A8_A_le_eabi.lib : _printfi.obj (.text)
                  80d11724    00000868     stmicro.obj (.text)
                  80d11f8c    000007d8     winbond.obj (.text)
                  80d12764    00000708     main.obj (.text)
                  80d12e6c    0000063c     rtsv7A8_A_le_eabi.lib : memory.obj (.text)
                  80d134a8    000005c4                           : lowlev.obj (.text)
                  80d13a6c    000004e0                           : trgdrv.obj (.text)
                  80d13f4c    000004d4     omap3_spi.obj (.text)
                  80d14420    00000404     spi_flash.obj (.text)
                  80d14824    00000300     rtsv7A8_A_le_eabi.lib : fopen.obj (.text)
                  80d14b24    000002b8                           : ull_div32.obj (.text)
                  80d14ddc    00000214                           : fd_add32.obj (.text)
                  80d14ff0    00000194                           : fputs.obj (.text)
                  80d15184    00000190                           : fd_div32.obj (.text)
                  80d15314    00000180                           : memcpy32.obj (.text)
                  80d15494    00000128                           : fd_mul32.obj (.text)
                  80d155bc    00000118                           : _io_perm.obj (.text)
                  80d156d4    00000118                           : i_div32.obj (.text)
                  80d157ec    00000114                           : fflush.obj (.text)
                  80d15900    00000114                           : setvbuf.obj (.text)
                  80d15a14    000000f4                           : u_div32.obj (.text)
                  80d15b08    000000d8                           : fputc.obj (.text)
                  80d15be0    000000d4                           : auto_init.obj (.text)
                  80d15cb4    000000d0                           : fd_cmp32.obj (.text)
                  80d15d84    000000b0                           : memset32.obj (.text)
                  80d15e34    000000a8                           : trgmsg.obj (.text)
                  80d15edc    00000098                           : copy_decompress_rle.obj (.text)
                  80d15f74    00000098                           : fclose.obj (.text)
                  80d1600c    0000008c                           : cpy_tbl.obj (.text)
                  80d16098    0000008c                           : xdtest.obj (.text)
                  80d16124    00000084                           : atoi.obj (.text)
                  80d161a8    00000080                           : fseek.obj (.text)
                  80d16228    00000080                           : ltoa.obj (.text)
                  80d162a8    00000078                           : exit.obj (.text)
                  80d16320    00000070                           : printf.obj (.text)
                  80d16390    00000060                           : strstr.obj (.text)
                  80d163f0    0000005c                           : fd_toi32.obj (.text)
                  80d1644c    00000048                           : boot.obj (.text)
                  80d16494    00000048                           : strncpy.obj (.text)
                  80d164dc    0000003c                           : i_tofd32.obj (.text)
                  80d16518    0000002c                           : memccpy.obj (.text)
                  80d16544    0000002c                           : memchr.obj (.text)
                  80d16570    0000002c                           : strcmp.obj (.text)
                  80d1659c    00000028                           : strchr.obj (.text)
                  80d165c4    00000024                           : _lock.obj (.text)
                  80d165e8    00000020                           : copy_zero_init.obj (.text:decompress:ZI)
                  80d16608    00000020                           : args_main.obj (.text)
                  80d16628    00000020                           : icall32.obj (.text)
                  80d16648    0000001c                           : strlen.obj (.text)
                  80d16664    00000018                           : strcpy.obj (.text)
                  80d1667c    00000014                           : copy_decompress_none.obj (.text:decompress:none)
                  80d16690    00000014                           : xdclass.obj (.text)
                  80d166a4    00000008                           : copy_decompress_rle.obj (.text:decompress:rle24)

.data      0    80d166b0    000002a1     
                  80d166b0    000000f0     rtsv7A8_A_le_eabi.lib : defs.obj (.data:_ftable)
                  80d167a0    00000078                           : lowlev.obj (.data:_device)
                  80d16818    00000070                           : xlvalues.obj (.data)
                  80d16888    00000050                           : lowlev.obj (.data:_stream)
                  80d168d8    00000040     main.obj (.data)
                  80d16918    00000010     rtsv7A8_A_le_eabi.lib : defs.obj (.data)
                  80d16928    0000000c                           : memory.obj (.data)
                  80d16934    00000008                           : _lock.obj (.data)
                  80d1693c    00000008                           : exit.obj (.data)
                  80d16944    00000004                           : fopen.obj (.data)
                  80d16948    00000004                           : lowlev.obj (.data)
                  80d1694c    00000004                           : stkdepth_vars.obj (.data)
                  80d16950    00000001     stmicro.obj (.data)

.bss       0    80d16954    00000298     UNINITIALIZED
                  80d16954    00000120     rtsv7A8_A_le_eabi.lib : trgmsg.obj (.bss:__CIOBUF_)
                  80d16a74    000000c8                           : trgdrv.obj (.bss:result$1)
                  80d16b3c    000000a0                           : defs.obj (.bss:_tmpnams)
                  80d16bdc    00000008     main.obj (.bss)
                  80d16be4    00000008     rtsv7A8_A_le_eabi.lib : trgdrv.obj (.bss)

.const     0    80d16bec    000001f8     
                  80d16bec    00000101     rtsv7A8_A_le_eabi.lib : ctype.obj (.const:.string:_ctypes_)
                  80d16ced    00000003     --HOLE-- [fill = 0]
                  80d16cf0    00000060     stmicro.obj (.const:stmicro_spi_flash_table)
                  80d16d50    00000054     stmicro.obj (.const:.string)
                  80d16da4    00000024     winbond.obj (.const:winbond_spi_flash_table)
                  80d16dc8    0000001c     winbond.obj (.const:.string)

.cinit     0    80d16de8    000000f8     
                  80d16de8    000000cf     (.cinit..data.load) [load image, compression = rle]
                  80d16eb7    00000001     --HOLE-- [fill = 0]
                  80d16eb8    0000000c     (__TI_handler_table)
                  80d16ec4    00000004     --HOLE-- [fill = 0]
                  80d16ec8    00000008     (.cinit..bss.load) [load image, compression = zero_init]
                  80d16ed0    00000010     (__TI_cinit_table)

sdfbuff    0    80f00000    01000000     UNINITIALIZED
                  80f00000    01000000     main.obj (sdfbuff)


LINKER GENERATED COPY TABLES

__TI_cinit_table @ 80d16ed0 records: 2, size/record: 8, table size: 16
	.data: load addr=80d16de8, load size=000000cf bytes, run addr=80d166b0, run size=000002a1 bytes, compression=rle
	.bss: load addr=80d16ec8, load size=00000008 bytes, run addr=80d16954, run size=00000298 bytes, compression=zero_init


LINKER GENERATED HANDLER TABLE

__TI_handler_table @ 80d16eb8 records: 3, size/record: 4, table size: 12
	index: 0, handler: __TI_zero_init
	index: 1, handler: __TI_decompress_rle24
	index: 2, handler: __TI_decompress_none


GLOBAL SYMBOLS: SORTED ALPHABETICALLY BY Name 

address    name
--------   ----
80d162a8   C$$EXIT
80d15e7c   C$$IO$$
80d13ed8   HOSTclock
80d13e70   HOSTclose
80d13dcc   HOSTlseek
80d13d40   HOSTopen
80d13cbc   HOSTread
80d13c20   HOSTrename
80d13bbc   HOSTtime
80d13b58   HOSTunlink
80d13ad4   HOSTwrite
80d16628   IND_CALL
80d12764   PAD_ConfigMux
UNDEFED    SHT$$INIT_ARRAY$$Base
UNDEFED    SHT$$INIT_ARRAY$$Limit
80d16910   SPIWRITER_bFinished
80d16908   SPIWRITER_uFileSize
81700000   SPIWRITER_uSdfBufferRd
80f00000   SPIWRITER_uSdfBufferWr
80d1690c   SPIWRITER_uSdfOffset
80d168d8   SPIWRITER_u_BulkErase
80d168dc   SPIWRITER_u_SkipVerify
80d1199c   SPIWRITER_v_BulkeraseStartedHook
80d127f8   SPIWRITER_v_FinishedFunc
80d1279c   SPIWRITER_v_PreFlashHook
80d16690   _Dclass
80d16098   _Dtest
80d16818   _LDenorm
80d16828   _LEps
80d16838   _LInf
80d16848   _LNan
80d16868   _LRteps
80d16858   _LSnan
80d16878   _LXbig
80d16880   _LZero
80d16954   __CIOBUF_
80d08000   __STACK_END
00008000   __STACK_SIZE
00008000   __SYSMEM_SIZE
80d16ed0   __TI_CINIT_Base
80d16ee0   __TI_CINIT_Limit
80d16eb8   __TI_Handler_Table_Base
80d16ec4   __TI_Handler_Table_Limit
00000001   __TI_args_main
80d15be0   __TI_auto_init
80d1667c   __TI_decompress_none
80d166a4   __TI_decompress_rle24
80d16de8   __TI_static_base__
80d165e8   __TI_zero_init
80d15cb4   __aeabi_cdcmpeq
80d15cb4   __aeabi_cdcmple
80d163f0   __aeabi_d2iz
80d14de8   __aeabi_dadd
80d15184   __aeabi_ddiv
80d15494   __aeabi_dmul
80d14ddc   __aeabi_dsub
80d164dc   __aeabi_i2d
80d156d4   __aeabi_idivmod
80d15d84   __aeabi_memclr
80d15d84   __aeabi_memclr4
80d15d84   __aeabi_memclr8
80d15314   __aeabi_memcpy
80d15314   __aeabi_memcpy4
80d15314   __aeabi_memcpy8
80d15d88   __aeabi_memset
80d15d88   __aeabi_memset4
80d15d88   __aeabi_memset8
80d16924   __aeabi_stderr
80d1691c   __aeabi_stdin
80d16920   __aeabi_stdout
80d15a14   __aeabi_uidivmod
80d14b24   __aeabi_uldivmod
ffffffff   __binit__
ffffffff   __c_args__
80d00000   __stack
80d16608   _args_main
80d1644c   _c_int00
80d14964   _cleanup
80d1693c   _cleanup_ptr
80d16bec   _ctypes_
80d157ec   _doflush
80d16940   _dtors_ptr
80d16918   _ft_end
80d166b0   _ftable
80d16934   _lock
80d165dc   _nop
80d11490   _printfi
80d1565c   _rd_ok
80d165d0   _register_lock
80d165c4   _register_unlock
80d08000   _sys_memory
80d16b3c   _tmpnams
80d16938   _unlock
80d155bc   _wrt_ok
80d162b0   abort
80d13990   add_device
80d16124   atoi
ffffffff   binit
80d13450   calloc
80d13904   close
80d1600c   copy_in
80d127b0   determineImageSize
80d162bc   exit
80d15f74   fclose
80d15870   fflush
80d13900   find_registered_device
80d16be0   flash
80d14ab8   fopen
80d15b08   fputc
80d14ff0   fputs
80d1302c   free
80d149c8   freopen
80d161a8   fseek
80d13a6c   getenv
80d13888   lseek
80d16228   ltoa
80d12808   main
80d1694c   main_func_sp
80d12f74   malloc
80d13314   memalign
80d16518   memccpy
80d16544   memchr
80d15314   memcpy
80d15d94   memset
80d12e6c   minit
80d137b8   open
80d16320   printf
80d15bd0   putc
80d15bd4   putchar
80d15150   puts
80d136d4   read
80d15e84   readmsg
80d13188   realloc
80d135d8   remove
80d13688   remove_device
80d1361c   rename
80d15900   setvbuf
80d16bdc   slave
80d14220   spi_claim_bus
80d1421c   spi_cs_activate
80d14218   spi_cs_deactivate
80d14210   spi_cs_is_valid
80d14508   spi_flash_cmd
80d14420   spi_flash_cmd_read
80d1464c   spi_flash_cmd_write
80d14630   spi_flash_free
80d145a4   spi_flash_probe
80d11ce0   spi_flash_probe_stmicro
80d1245c   spi_flash_probe_winbond
80d144bc   spi_flash_read_common
80d1420c   spi_free_slave
80d14208   spi_init
80d14204   spi_release_bus
80d14094   spi_setup_slave
80d13f4c   spi_xfer
80d119b0   stmicro_bulkerase
80d11a90   stmicro_erase
80d1659c   strchr
80d16570   strcmp
80d16664   strcpy
80d16648   strlen
80d16494   strncpy
80d16390   strstr
80d135d8   unlink
80d12230   winbond_erase
80d134a8   write
80d15e34   writemsg


GLOBAL SYMBOLS: SORTED BY Symbol Address 

address    name
--------   ----
00000001   __TI_args_main
00008000   __STACK_SIZE
00008000   __SYSMEM_SIZE
80d00000   __stack
80d08000   __STACK_END
80d08000   _sys_memory
80d11490   _printfi
80d1199c   SPIWRITER_v_BulkeraseStartedHook
80d119b0   stmicro_bulkerase
80d11a90   stmicro_erase
80d11ce0   spi_flash_probe_stmicro
80d12230   winbond_erase
80d1245c   spi_flash_probe_winbond
80d12764   PAD_ConfigMux
80d1279c   SPIWRITER_v_PreFlashHook
80d127b0   determineImageSize
80d127f8   SPIWRITER_v_FinishedFunc
80d12808   main
80d12e6c   minit
80d12f74   malloc
80d1302c   free
80d13188   realloc
80d13314   memalign
80d13450   calloc
80d134a8   write
80d135d8   remove
80d135d8   unlink
80d1361c   rename
80d13688   remove_device
80d136d4   read
80d137b8   open
80d13888   lseek
80d13900   find_registered_device
80d13904   close
80d13990   add_device
80d13a6c   getenv
80d13ad4   HOSTwrite
80d13b58   HOSTunlink
80d13bbc   HOSTtime
80d13c20   HOSTrename
80d13cbc   HOSTread
80d13d40   HOSTopen
80d13dcc   HOSTlseek
80d13e70   HOSTclose
80d13ed8   HOSTclock
80d13f4c   spi_xfer
80d14094   spi_setup_slave
80d14204   spi_release_bus
80d14208   spi_init
80d1420c   spi_free_slave
80d14210   spi_cs_is_valid
80d14218   spi_cs_deactivate
80d1421c   spi_cs_activate
80d14220   spi_claim_bus
80d14420   spi_flash_cmd_read
80d144bc   spi_flash_read_common
80d14508   spi_flash_cmd
80d145a4   spi_flash_probe
80d14630   spi_flash_free
80d1464c   spi_flash_cmd_write
80d14964   _cleanup
80d149c8   freopen
80d14ab8   fopen
80d14b24   __aeabi_uldivmod
80d14ddc   __aeabi_dsub
80d14de8   __aeabi_dadd
80d14ff0   fputs
80d15150   puts
80d15184   __aeabi_ddiv
80d15314   __aeabi_memcpy
80d15314   __aeabi_memcpy4
80d15314   __aeabi_memcpy8
80d15314   memcpy
80d15494   __aeabi_dmul
80d155bc   _wrt_ok
80d1565c   _rd_ok
80d156d4   __aeabi_idivmod
80d157ec   _doflush
80d15870   fflush
80d15900   setvbuf
80d15a14   __aeabi_uidivmod
80d15b08   fputc
80d15bd0   putc
80d15bd4   putchar
80d15be0   __TI_auto_init
80d15cb4   __aeabi_cdcmpeq
80d15cb4   __aeabi_cdcmple
80d15d84   __aeabi_memclr
80d15d84   __aeabi_memclr4
80d15d84   __aeabi_memclr8
80d15d88   __aeabi_memset
80d15d88   __aeabi_memset4
80d15d88   __aeabi_memset8
80d15d94   memset
80d15e34   writemsg
80d15e7c   C$$IO$$
80d15e84   readmsg
80d15f74   fclose
80d1600c   copy_in
80d16098   _Dtest
80d16124   atoi
80d161a8   fseek
80d16228   ltoa
80d162a8   C$$EXIT
80d162b0   abort
80d162bc   exit
80d16320   printf
80d16390   strstr
80d163f0   __aeabi_d2iz
80d1644c   _c_int00
80d16494   strncpy
80d164dc   __aeabi_i2d
80d16518   memccpy
80d16544   memchr
80d16570   strcmp
80d1659c   strchr
80d165c4   _register_unlock
80d165d0   _register_lock
80d165dc   _nop
80d165e8   __TI_zero_init
80d16608   _args_main
80d16628   IND_CALL
80d16648   strlen
80d16664   strcpy
80d1667c   __TI_decompress_none
80d16690   _Dclass
80d166a4   __TI_decompress_rle24
80d166b0   _ftable
80d16818   _LDenorm
80d16828   _LEps
80d16838   _LInf
80d16848   _LNan
80d16858   _LSnan
80d16868   _LRteps
80d16878   _LXbig
80d16880   _LZero
80d168d8   SPIWRITER_u_BulkErase
80d168dc   SPIWRITER_u_SkipVerify
80d16908   SPIWRITER_uFileSize
80d1690c   SPIWRITER_uSdfOffset
80d16910   SPIWRITER_bFinished
80d16918   _ft_end
80d1691c   __aeabi_stdin
80d16920   __aeabi_stdout
80d16924   __aeabi_stderr
80d16934   _lock
80d16938   _unlock
80d1693c   _cleanup_ptr
80d16940   _dtors_ptr
80d1694c   main_func_sp
80d16954   __CIOBUF_
80d16b3c   _tmpnams
80d16bdc   slave
80d16be0   flash
80d16bec   _ctypes_
80d16de8   __TI_static_base__
80d16eb8   __TI_Handler_Table_Base
80d16ec4   __TI_Handler_Table_Limit
80d16ed0   __TI_CINIT_Base
80d16ee0   __TI_CINIT_Limit
80f00000   SPIWRITER_uSdfBufferWr
81700000   SPIWRITER_uSdfBufferRd
ffffffff   __binit__
ffffffff   __c_args__
ffffffff   binit
UNDEFED    SHT$$INIT_ARRAY$$Base
UNDEFED    SHT$$INIT_ARRAY$$Limit

[167 symbols]
